../Core/Src/systick_timer.c:17:17:GetSysTickTimer_ms	0	static
../Core/Src/systick_timer.c:22:6:clear_wait_ms	0	static
../Core/Src/systick_timer.c:26:6:reset_wait_ms	0	static
../Core/Src/systick_timer.c:30:6:set_wait_ms	0	static
../Core/Src/systick_timer.c:34:9:wait_ms	8	static
../Core/Src/systick_timer.c:59:6:clear_wait_ms_ch	0	static
../Core/Src/systick_timer.c:64:6:reset_wait_ms_ch	0	static
../Core/Src/systick_timer.c:69:6:set_wait_ms_ch	0	static
../Core/Src/systick_timer.c:74:9:wait_ms_ch	8	static
