../Core/Src/VL53L0X.c:999:10:timeoutMicrosecondsToMclks	0	static
../Core/Src/VL53L0X.c:966:10:encodeTimeout	0	static
../Core/Src/VL53L0X.c:44:6:writeReg	24	static
../Core/Src/VL53L0X.c:51:6:writeReg16Bit	24	static
../Core/Src/VL53L0X.c:58:6:writeReg32Bit	24	static
../Core/Src/VL53L0X.c:65:9:readReg	24	static
../Core/Src/VL53L0X.c:75:10:readReg16Bit	24	static
../Core/Src/VL53L0X.c:85:10:readReg32Bit	24	static
../Core/Src/VL53L0X.c:95:6:writeMulti	24	static
../Core/Src/VL53L0X.c:103:6:readMulti	24	static
../Core/Src/VL53L0X.c:111:6:setAddress_VL53L0X	8	static
../Core/Src/VL53L0X.c:116:9:getAddress_VL53L0X	0	static
../Core/Src/VL53L0X.c:365:6:setSignalRateLimit	16	static
../Core/Src/VL53L0X.c:375:7:getSignalRateLimit	8	static
../Core/Src/VL53L0X.c:707:9:getVcselPulsePeriod	8	static
../Core/Src/VL53L0X.c:726:6:startContinuous	8	static
../Core/Src/VL53L0X.c:764:6:stopContinuous	8	static
../Core/Src/VL53L0X.c:779:10:readRangeContinuousMillimeters	32	static
../Core/Src/VL53L0X.c:822:10:readRangeSingleMillimeters	16	static
../Core/Src/VL53L0X.c:844:6:timeoutOccurred	0	static
../Core/Src/VL53L0X.c:851:6:setTimeout	0	static
../Core/Src/VL53L0X.c:855:10:getTimeout	0	static
../Core/Src/VL53L0X.c:864:6:getSpadInfo	24	static
../Core/Src/VL53L0X.c:906:6:getSequenceStepEnables	8	static
../Core/Src/VL53L0X.c:921:6:getSequenceStepTimeouts	24	static
../Core/Src/VL53L0X.c:387:6:setMeasurementTimingBudget	48	static
../Core/Src/VL53L0X.c:476:10:getMeasurementTimingBudget	40	static
../Core/Src/VL53L0X.c:1008:6:performSingleRefCalibration	16	static
../Core/Src/VL53L0X.c:128:6:initVL53L0X	40	static
../Core/Src/VL53L0X.c:530:6:setVcselPulsePeriod	48	static
